Copyright 1986-2022 Xilinx, Inc. All Rights Reserved. Copyright 2022-2023 Advanced Micro Devices, Inc. All Rights Reserved.
---------------------------------------------------------------------------------------------------------------------------------------------
| Tool Version : Vivado v.2023.2 (win64) Build 4029153 Fri Oct 13 20:14:34 MDT 2023
| Date         : Sun May 24 19:56:28 2026
| Host         : DESKTOP-5BKHJFE running 64-bit major release  (build 9200)
| Command      : report_control_sets -verbose -file top_convolution_control_sets_placed.rpt
| Design       : top_convolution
| Device       : xc7a100t
---------------------------------------------------------------------------------------------------------------------------------------------

Control Set Information

Table of Contents
-----------------
1. Summary
2. Histogram
3. Flip-Flop Distribution
4. Detailed Control Set Information

1. Summary
----------

+----------------------------------------------------------+-------+
|                          Status                          | Count |
+----------------------------------------------------------+-------+
| Total control sets                                       |    30 |
|    Minimum number of control sets                        |    30 |
|    Addition due to synthesis replication                 |     0 |
|    Addition due to physical synthesis replication        |     0 |
| Unused register locations in slices containing registers |    10 |
+----------------------------------------------------------+-------+
* Control sets can be merged at opt_design using control_set_merge or merge_equivalent_drivers
** Run report_qor_suggestions for automated merging and remapping suggestions


2. Histogram
------------

+--------------------+-------+
|       Fanout       | Count |
+--------------------+-------+
| Total control sets |    30 |
| >= 0 to < 4        |     1 |
| >= 4 to < 6        |     0 |
| >= 6 to < 8        |     1 |
| >= 8 to < 10       |     3 |
| >= 10 to < 12      |     0 |
| >= 12 to < 14      |     0 |
| >= 14 to < 16      |     0 |
| >= 16              |    25 |
+--------------------+-------+
* Control sets can be remapped at either synth_design or opt_design


3. Flip-Flop Distribution
-------------------------

+--------------+-----------------------+------------------------+-----------------+--------------+
| Clock Enable | Synchronous Set/Reset | Asynchronous Set/Reset | Total Registers | Total Slices |
+--------------+-----------------------+------------------------+-----------------+--------------+
| No           | No                    | No                     |               1 |            1 |
| No           | No                    | Yes                    |               0 |            0 |
| No           | Yes                   | No                     |               6 |            6 |
| Yes          | No                    | No                     |               0 |            0 |
| Yes          | No                    | Yes                    |               0 |            0 |
| Yes          | Yes                   | No                     |             559 |          269 |
+--------------+-----------------------+------------------------+-----------------+--------------+


4. Detailed Control Set Information
-----------------------------------

+----------------+-------------------------------------------------+------------------------+------------------+----------------+--------------+
|  Clock Signal  |                  Enable Signal                  |    Set/Reset Signal    | Slice Load Count | Bel Load Count | Bels / Slice |
+----------------+-------------------------------------------------+------------------------+------------------+----------------+--------------+
|  clk_IBUF_BUFG |                                                 |                        |                1 |              1 |         1.00 |
|  clk_IBUF_BUFG |                                                 | rst_IBUF               |                6 |              6 |         1.00 |
|  clk_IBUF_BUFG | u_mac_array/valid_s5                            | u_mac_array/p_1_in[23] |                2 |              8 |         4.00 |
|  clk_IBUF_BUFG | u_mac_array/valid_s5                            | u_mac_array/p_1_in[7]  |                1 |              8 |         8.00 |
|  clk_IBUF_BUFG | u_mac_array/valid_s5                            | u_mac_array/p_1_in[15] |                2 |              8 |         4.00 |
|  clk_IBUF_BUFG | u_line_buffer/y_count[0]_i_1_n_0                | rst_IBUF               |                4 |             16 |         4.00 |
|  clk_IBUF_BUFG | u_kernel_loader/coeff_mem[12][15]_i_1_n_0       | rst_IBUF               |               11 |             16 |         1.45 |
|  clk_IBUF_BUFG | u_line_buffer/line0_reg_512_767_0_0_i_1_n_0     |                        |               24 |             96 |         4.00 |
|  clk_IBUF_BUFG | u_line_buffer/line0_reg_512_767_16_16_i_1_n_0   |                        |               24 |             96 |         4.00 |
|  clk_IBUF_BUFG | u_line_buffer/line0_reg_256_511_8_8_i_1_n_0     |                        |               24 |             96 |         4.00 |
|  clk_IBUF_BUFG | u_line_buffer/line0_reg_768_1023_0_0_i_1_n_0    |                        |               24 |             96 |         4.00 |
|  clk_IBUF_BUFG | u_line_buffer/line0_reg_512_767_8_8_i_1_n_0     |                        |               24 |             96 |         4.00 |
|  clk_IBUF_BUFG | u_line_buffer/line0_reg_768_1023_16_16_i_1_n_0  |                        |               24 |             96 |         4.00 |
|  clk_IBUF_BUFG | u_line_buffer/line0_reg_768_1023_8_8_i_1_n_0    |                        |               24 |             96 |         4.00 |
|  clk_IBUF_BUFG | u_line_buffer/line0_reg_0_255_0_0_i_1_n_0       |                        |               24 |             96 |         4.00 |
|  clk_IBUF_BUFG | u_line_buffer/line0_reg_0_255_16_16_i_1_n_0     |                        |               24 |             96 |         4.00 |
|  clk_IBUF_BUFG | u_line_buffer/line0_reg_1024_1279_0_0_i_1_n_0   |                        |               24 |             96 |         4.00 |
|  clk_IBUF_BUFG | u_line_buffer/line0_reg_0_255_8_8_i_1_n_0       |                        |               24 |             96 |         4.00 |
|  clk_IBUF_BUFG | u_line_buffer/line0_reg_1024_1279_16_16_i_1_n_0 |                        |               24 |             96 |         4.00 |
|  clk_IBUF_BUFG | u_line_buffer/line0_reg_1024_1279_8_8_i_1_n_0   |                        |               24 |             96 |         4.00 |
|  clk_IBUF_BUFG | u_line_buffer/line0_reg_1536_1791_16_16_i_1_n_0 |                        |               24 |             96 |         4.00 |
|  clk_IBUF_BUFG | u_line_buffer/line0_reg_1280_1535_0_0_i_1_n_0   |                        |               24 |             96 |         4.00 |
|  clk_IBUF_BUFG | u_line_buffer/line0_reg_1280_1535_16_16_i_1_n_0 |                        |               24 |             96 |         4.00 |
|  clk_IBUF_BUFG | u_line_buffer/line0_reg_1536_1791_0_0_i_1_n_0   |                        |               24 |             96 |         4.00 |
|  clk_IBUF_BUFG | u_line_buffer/line0_reg_1280_1535_8_8_i_1_n_0   |                        |               24 |             96 |         4.00 |
|  clk_IBUF_BUFG | u_line_buffer/line0_reg_1536_1791_8_8_i_1_n_0   |                        |               24 |             96 |         4.00 |
|  clk_IBUF_BUFG | u_line_buffer/line0_reg_256_511_0_0_i_1_n_0     |                        |               24 |             96 |         4.00 |
|  clk_IBUF_BUFG | u_line_buffer/line0_reg_256_511_16_16_i_1_n_0   |                        |               24 |             96 |         4.00 |
|  clk_IBUF_BUFG | u_line_buffer/line0_reg_0_127_0_0_i_1_n_0       |                        |               41 |            144 |         3.51 |
|  clk_IBUF_BUFG | in_valid_IBUF                                   | rst_IBUF               |              249 |            503 |         2.02 |
+----------------+-------------------------------------------------+------------------------+------------------+----------------+--------------+


